2026-04-03T20:46:59.356Z | IP: ::1 | Usuario: chino | Razón: Usuario no encontrado
2026-04-03T20:52:20.069Z | IP: ::1 | Usuario: samuel | Razón: Contraseña incorrecta (intento 1/5)
2026-04-03T20:53:35.583Z | IP: ::1 | Usuario: samuel | Razón: Contraseña incorrecta (intento 2/5)
2026-04-03T20:53:43.950Z | IP: ::1 | Usuario: samuel | Razón: Validación fallida
2026-04-03T20:53:51.138Z | IP: ::1 | Usuario: samuel | Razón: Contraseña incorrecta (intento 3/5)
2026-04-03T20:54:09.917Z | IP: ::1 | Usuario: Chino | Razón: Contraseña incorrecta (intento 1/5)
2026-04-06T17:25:17.303Z | IP: ::1 | Usuario: Chino | Razón: Contraseña incorrecta (intento 2/5)
2026-04-06T20:06:03.074Z | IP: ::1 | Usuario: asdfghj | Razón: Usuario no encontrado
2026-04-06T21:12:52.692Z | IP: ::1 | Usuario: admin | Razón: Contraseña incorrecta (intento 1/5)
2026-04-07T17:25:33.414Z | IP: ::1 | Usuario: fgghjklfgh | Razón: Usuario no encontrado
2026-04-07T17:27:18.971Z | IP: ::1 | Usuario: adasdsfvfgfd | Razón: Usuario no encontrado
2026-04-07T17:59:03.588Z | IP: ::1 | Usuario: Chino | Razón: Contraseña incorrecta (intento 3/5)
2026-04-07T18:17:39.346Z | IP: ::1 | Usuario: Chino | Razón: Contraseña incorrecta (intento 4/5)
2026-04-07T18:22:11.123Z | IP: ::1 | Usuario: asd | Razón: Validación fallida
2026-04-07T18:22:24.081Z | IP: ::1 | Usuario: Chino | Razón: Contraseña incorrecta (intento 5/5)
2026-04-07T18:23:59.622Z | IP: ::1 | Usuario: asd | Razón: Validación fallida
2026-04-07T18:24:37.840Z | IP: ::1 | Usuario: asd | Razón: Validación fallida
2026-04-07T18:26:11.524Z | IP: ::1 | Usuario: asd | Razón: Validación fallida
2026-04-07T18:26:36.233Z | IP: ::1 | Usuario: asd | Razón: Validación fallida
2026-04-07T18:27:06.144Z | IP: ::1 | Usuario: Chino | Razón: Cuenta bloqueada
2026-04-07T18:27:21.675Z | IP: ::1 | Usuario: Chino | Razón: Cuenta bloqueada
2026-04-07T18:34:54.048Z | IP: ::1 | Usuario: Chino | Razón: Cuenta bloqueada
2026-04-07T18:34:55.573Z | IP: ::1 | Usuario: Chino | Razón: Cuenta bloqueada
2026-04-07T18:34:56.194Z | IP: ::1 | Usuario: Chino | Razón: Cuenta bloqueada
2026-04-07T18:34:56.599Z | IP: ::1 | Usuario: Chino | Razón: Cuenta bloqueada
2026-04-07T18:34:56.841Z | IP: ::1 | Usuario: Chino | Razón: Cuenta bloqueada
2026-04-07T18:34:57.035Z | IP: ::1 | Usuario: Chino | Razón: Cuenta bloqueada
2026-04-07T18:34:57.224Z | IP: ::1 | Usuario: Chino | Razón: Cuenta bloqueada
2026-04-07T18:37:16.360Z | IP: ::1 | Usuario: Chino | Razón: Cuenta bloqueada
2026-04-07T18:37:27.991Z | IP: ::1 | Usuario: Chino | Razón: Contraseña incorrecta (intento 6/5)
2026-04-07T18:37:53.078Z | IP: ::1 | Usuario: Chino | Razón: Cuenta bloqueada
2026-04-07T18:37:56.739Z | IP: ::1 | Usuario: Chino | Razón: Cuenta bloqueada
2026-04-07T18:41:20.023Z | IP: ::1 | Usuario: Chino | Razón: Cuenta bloqueada
2026-04-07T18:41:56.990Z | IP: ::1 | Usuario: sads | Razón: Validación fallida
2026-04-07T18:42:05.083Z | IP: ::1 | Usuario: Chino | Razón: Cuenta bloqueada
2026-04-07T18:44:28.414Z | IP: ::1 | Usuario: samuel | Razón: Contraseña incorrecta (intento 4/5)
2026-04-07T18:47:06.041Z | IP: ::1 | Usuario: samuel | Razón: Contraseña incorrecta (intento 5/5)
2026-04-07T18:50:10.675Z | IP: ::1 | Usuario: samuel | Razón: Contraseña incorrecta (intento 6/5)
2026-04-07T18:51:33.890Z | IP: ::1 | Usuario: Chino | Razón: Contraseña incorrecta (intento 7/5)
2026-04-07T18:52:08.786Z | IP: ::1 | Usuario: Chino | Razón: Contraseña incorrecta (intento 8/5)
2026-04-07T18:54:57.032Z | IP: ::1 | Usuario: Chino | Razón: Contraseña incorrecta (intento 9/5)
2026-04-07T18:56:56.483Z | IP: ::1 | Usuario: Chino | Razón: Contraseña incorrecta (intento 10/5)
2026-04-07T18:57:55.567Z | IP: ::1 | Usuario: Chino | Razón: Contraseña incorrecta (intento 11/5)
2026-04-07T18:58:21.178Z | IP: ::1 | Usuario: admin | Razón: Contraseña incorrecta (intento 1/5)
2026-04-07T19:01:00.398Z | IP: ::1 | Usuario: Chino | Razón: Contraseña incorrecta (intento 12/5)
2026-04-07T19:01:46.373Z | IP: ::1 | Usuario: Chino | Razón: Contraseña incorrecta (intento 13/5)
2026-04-07T19:03:11.821Z | IP: ::1 | Usuario: Chino | Razón: Contraseña incorrecta (intento 14/5)
2026-04-07T19:04:33.634Z | IP: ::1 | Usuario: Chino | Razón: Contraseña incorrecta (intento 15/5)
2026-04-07T19:05:07.226Z | IP: ::1 | Usuario: Chino | Razón: Contraseña incorrecta (intento 16/5)
2026-04-07T19:05:35.771Z | IP: ::1 | Usuario: Chino | Razón: Contraseña incorrecta (intento 17/5)
2026-04-07T19:05:56.084Z | IP: ::1 | Usuario: Chino | Razón: Contraseña incorrecta (intento 18/5)
2026-04-07T19:06:09.387Z | IP: ::1 | Usuario: Chino | Razón: Contraseña incorrecta (intento 19/5)
2026-04-07T20:19:51.885Z | IP: ::1 | Usuario: asd | Razón: Validación fallida
2026-04-07T20:20:03.735Z | IP: ::1 | Usuario: asdsasas | Razón: Usuario no encontrado
2026-04-07T20:20:55.271Z | IP: ::1 | Usuario: Chino | Razón: Contraseña incorrecta (intento 1/5)
2026-04-07T20:22:24.995Z | IP: ::1 | Usuario: Chino | Razón: Contraseña incorrecta (intento 2/5)
2026-04-08T09:46:03.824Z | IP: ::1 | Usuario: Che | Razón: Contraseña incorrecta (intento 1/5)
2026-04-10T18:49:55.006Z | IP: ::1 | Usuario: Chino | Razón: Contraseña incorrecta (intento 1/5)
2026-04-10T20:30:14.983Z | IP: ::1 | Usuario: Chino | Razón: Contraseña incorrecta (intento 2/5)
2026-04-30T20:08:31.959Z | IP: ::1 | Usuario: Chino | Razón: Contraseña incorrecta (intento 1/5)
2026-04-30T20:08:36.744Z | IP: ::1 | Usuario: Chino | Razón: Contraseña incorrecta (intento 2/5)
2026-04-30T20:08:41.613Z | IP: ::1 | Usuario: Chino | Razón: Contraseña incorrecta (intento 3/5)
2026-05-04T02:49:14.159Z | IP: ::1 | Usuario: Chino | Razón: Contraseña incorrecta (intento 4/5)
2026-05-04T02:49:17.422Z | IP: ::1 | Usuario: Chino | Razón: Contraseña incorrecta (intento 5/5)
